// Vitest Snapshot v1, https://vitest.dev/guide/snapshot.html

exports[`Card Component > matches snapshot 1`] = `
<DocumentFragment>
  <div
    class="flex items-center max-w-xl bg-slate-600 border border-slate-200 rounded-lg shadow-sm dark:border-slate-600 overflow-hidden"
  >
    <div
      class="relative w-3/4 min-w-120px"
    >
      <img
        alt="Tiny Rick"
        class="w-full h-full object-cover min-h-58 rounded-lg min-w-33"
        src="https://rickandmortyapi.com/api/character/avatar/1.jpeg"
      />
      <div
        class="absolute bottom-0 left-0 right-0 bg-gradient-to-t from-black/80 to-transparent p-2 rounded-lg"
      >
        <h3
          class="text-white text-md font-bold truncate"
        >
          Rick Sanchez
        </h3>
      </div>
    </div>
    <ul
      class="flex flex-col text-left py-3 px-4 w-2/3"
    >
      <li
        class="mb-1 flex"
      >
        <span
          class="block text-white font-medium"
        >
          Status:
        </span>
        <span
          class="mx-2 font-medium text-emerald-300"
        >
          Alive
        </span>
      </li>
      <li
        class="mb-1 flex flex-col"
      >
        <span
          class="block text-white font-medium"
        >
          Gender:
        </span>
        <span
          class="text-slate-300 mx-2"
        >
          Male
        </span>
      </li>
      <li
        class="mb-1 flex flex-col"
      >
        <span
          class="block text-white font-medium"
        >
          Species:
        </span>
        <span
          class="text-slate-300 mx-2"
        >
          Human
        </span>
      </li>
      <li
        class="mb-1 flex flex-col"
      >
        <span
          class="block text-white font-medium"
        >
          Location:
        </span>
        <span
          class="text-slate-300 mx-2"
        >
          Citadel of Ricks
        </span>
      </li>
    </ul>
  </div>
</DocumentFragment>
`;
