// Vitest Snapshot v1, https://vitest.dev/guide/snapshot.html

exports[`NotFoundMessage > matches snapshot when hidden 1`] = `<DocumentFragment />`;

exports[`NotFoundMessage > matches snapshot when visible 1`] = `
<DocumentFragment>
  <div
    class="col-span-full text-center py-10"
  >
    <p
      class="text-gray-500 text-lg"
    >
      No characters found for "test search"
    </p>
  </div>
</DocumentFragment>
`;
